// Jest Snapshot v1, https://goo.gl/fbAQLP

exports[`SymbolChoice component snapshot test should match the snapshot 1`] = `
<DocumentFragment>
  <label
    class="choose-player"
    for="choose-player"
  >
    <input
      id="choose-player"
      type="checkbox"
    />
    <span
      class="choose-player-toggle"
    />
    <div
      class="container cols-2 choose-player-symbols"
      style="--row-height: 1fr; --col-width: 1fr;"
    >
      <div
        style="place-self: center;"
      >
        <span
          class="avatar avatar-x avatar-size-m avatar-variant-light"
        />
      </div>
      <div
        style="place-self: center;"
      >
        <span
          class="avatar avatar-o avatar-size-m avatar-variant-light"
        />
      </div>
    </div>
  </label>
</DocumentFragment>
`;
