// Jest Snapshot v1, https://goo.gl/fbAQLP

exports[`RestartModalScreen screen component snapshot test should match the snapshot 1`] = `
<DocumentFragment>
  <h1>
    Restart game?
  </h1>
  <hr
    class="divider full-width horizontal margin-vertical-l"
  />
  <div
    class="container cols-2 col-gap-l"
    style="--row-height: 1fr; --col-width: 1fr;"
  >
    <button
      class="button button-light"
    >
      No, Cancel
    </button>
    <button
      class="button button-secondary"
    >
      Yes, Restart
    </button>
  </div>
</DocumentFragment>
`;
