// Jest Snapshot v1, https://goo.gl/fbAQLP

exports[`ChooseDifficulty component snapshot test should match the snapshot 1`] = `
<DocumentFragment>
  <div
    class="flex-box direction-column justify-content-flex-start align-items-center choose-difficulty"
  >
    <div
      class="flex-box direction-row justify-content-flex-start align-items-flex-start"
    >
      <input
        id="HARD"
        name="level"
        type="radio"
        value="HARD"
      />
      <label
        for="HARD"
        title="HARD"
      />
      <input
        id="MEDIUM"
        name="level"
        type="radio"
        value="MEDIUM"
      />
      <label
        for="MEDIUM"
        title="MEDIUM"
      />
      <input
        checked=""
        id="EASY"
        name="level"
        type="radio"
        value="EASY"
      />
      <label
        for="EASY"
        title="EASY"
      />
    </div>
    <hr
      class="divider full-width horizontal margin-vertical-s invisible"
    />
    <sup />
  </div>
</DocumentFragment>
`;
