// Jest Snapshot v1, https://goo.gl/fbAQLP

exports[`Modal component snapshot test 1`] = `
<div>
  <div
    class="flex-box direction-row justify-content-flex-start align-items-center modal-backdrop"
  >
    <div
      class="flex-box direction-column justify-content-flex-start align-items-center modal-background"
    >
      <div
        class="flex-box direction-column justify-content-center align-items-center modal-content"
      >
        <div />
      </div>
    </div>
  </div>
</div>
`;
