// Jest Snapshot v1, https://goo.gl/fbAQLP

exports[`LoginScreen screen component snapshot test should match the snapshot 1`] = `
<div>
  <div
    class="flex-box direction-column justify-content-flex-start align-items-center"
  >
    <div
      class="flex-box direction-row justify-content-flex-start align-items-flex-start spacing-s logo"
    >
      <span
        class="avatar avatar-x avatar-size-m"
      />
      <span
        class="avatar avatar-o avatar-size-m"
      />
    </div>
    <hr
      class="divider full-width horizontal margin-vertical invisible"
    />
    <div
      class="language-selector"
    >
      <input
        checked=""
        id="EN"
        name="language-selector"
        type="radio"
        value="en-US"
      />
      <label
        class="selected-language"
        for="EN"
        title="en-US"
      >
        EN
      </label>
      <input
        id="中文"
        name="language-selector"
        type="radio"
        value="zh-CN"
      />
      <label
        for="中文"
        title="zh-CN"
      >
        中文
      </label>
    </div>
    <hr
      class="divider full-width horizontal margin-bottom invisible"
    />
    <hr
      class="divider full-width horizontal margin-vertical invisible landscape-hidden"
    />
    <span>
      Login
    </span>
    <hr
      class="divider full-width horizontal margin-vertical invisible"
    />
    <form
      autocomplete="off"
      class="login-form"
      novalidate=""
    >
      <div
        class="form-input icon"
      >
        <i
          class="icon-user"
        />
        <input
          autocomplete="off"
          type="text"
          value=""
        />
      </div>
      <hr
        class="divider full-width horizontal margin-bottom invisible"
      />
      <hr
        class="divider full-width horizontal margin-bottom invisible landscape-hidden"
      />
      <div
        class="form-input icon"
      >
        <i
          class="icon-lock"
        />
        <input
          autocomplete="off"
          type="text"
          value=""
        />
      </div>
      <hr
        class="divider full-width horizontal margin-bottom invisible"
      />
      <hr
        class="divider full-width horizontal margin-bottom invisible landscape-hidden"
      />
      <button
        class="button button-primary"
        data-testid="submit"
      >
        Login
      </button>
    </form>
  </div>
</div>
`;
