// Jest Snapshot v1, https://goo.gl/fbAQLP

exports[`SettingsScreen screen component snapshot test should match the snapshot 1`] = `
<DocumentFragment>
  <div
    class="flex-box direction-column justify-content-flex-start align-items-center"
  >
    <div
      class="flex-box direction-row justify-content-flex-start align-items-flex-start spacing-s logo"
    >
      <span
        class="avatar avatar-x avatar-size-m"
      />
      <span
        class="avatar avatar-o avatar-size-m"
      />
    </div>
    <hr
      class="divider full-width horizontal margin-vertical invisible"
    />
    <hr
      class="divider full-width horizontal margin-vertical-l invisible"
    />
    <span>
      Pic Player 1's Mark
    </span>
    <label
      class="choose-player"
      for="choose-player"
    >
      <input
        id="choose-player"
        type="checkbox"
      />
      <span
        class="choose-player-toggle"
      />
      <div
        class="container cols-2 choose-player-symbols"
        style="--row-height: 1fr; --col-width: 1fr;"
      >
        <div
          style="place-self: center;"
        >
          <span
            class="avatar avatar-x avatar-size-m avatar-variant-dark"
          />
        </div>
        <div
          style="place-self: center;"
        >
          <span
            class="avatar avatar-o avatar-size-m avatar-variant-light"
          />
        </div>
      </div>
    </label>
    <sub>
      Remember, X goes first
    </sub>
    <hr
      class="divider full-width horizontal margin-vertical-l invisible"
    />
    <div
      class="flex-box direction-column justify-content-flex-start align-items-center choose-difficulty"
    >
      <div
        class="flex-box direction-row justify-content-flex-start align-items-flex-start"
      >
        <input
          id="master"
          name="level"
          type="radio"
          value="master"
        />
        <label
          for="master"
          title="master"
        />
        <input
          id="novice"
          name="level"
          type="radio"
          value="novice"
        />
        <label
          for="novice"
          title="novice"
        />
        <input
          checked=""
          id="bieber"
          name="level"
          type="radio"
          value="bieber"
        />
        <label
          for="bieber"
          title="bieber"
        />
      </div>
      <hr
        class="divider full-width horizontal margin-vertical-s invisible"
      />
      <sup>
        bieber
      </sup>
    </div>
    <hr
      class="divider full-width horizontal margin-vertical-l invisible"
    />
    <button
      class="button button-secondary"
    >
      Start game 
      <i
        class="icon-play-sign"
      />
    </button>
  </div>
</DocumentFragment>
`;
