// Jest Snapshot v1, https://goo.gl/fbAQLP

exports[`SettingsScreen screen component snapshot test should match the snapshot 1`] = `
<DocumentFragment>
  <div
    class="flex-box direction-column justify-content-flex-start align-items-center"
  >
    <div
      class="flex-box direction-row justify-content-flex-start align-items-flex-start spacing-s logo"
    >
      <span
        class="avatar avatar-x avatar-size-m"
      />
      <span
        class="avatar avatar-o avatar-size-m"
      />
    </div>
    <hr
      class="divider full-width horizontal margin-vertical invisible"
    />
    <div
      class="logout"
    >
      <i
        class="icon-reply"
      />
    </div>
    <div
      class="language-selector"
    >
      <input
        checked=""
        id="EN"
        name="language-selector"
        type="radio"
        value="en-US"
      />
      <label
        class="selected-language"
        for="EN"
        title="en-US"
      >
        EN
      </label>
      <input
        id="中文"
        name="language-selector"
        type="radio"
        value="zh-CN"
      />
      <label
        for="中文"
        title="zh-CN"
      >
        中文
      </label>
    </div>
    <hr
      class="divider full-width horizontal margin-vertical-l invisible"
    />
    <span>
      Pic Player 1's mark
    </span>
    <label
      class="choose-player"
      for="choose-player"
    >
      <input
        id="choose-player"
        type="checkbox"
      />
      <span
        class="choose-player-toggle"
      />
      <div
        class="container cols-2 choose-player-symbols"
        style="--row-height: 1fr; --col-width: 1fr;"
      >
        <div
          style="place-self: center;"
        >
          <span
            class="avatar avatar-x avatar-size-m avatar-variant-dark"
          />
        </div>
        <div
          style="place-self: center;"
        >
          <span
            class="avatar avatar-o avatar-size-m avatar-variant-light"
          />
        </div>
      </div>
    </label>
    <sub>
      Remember, X goes first
    </sub>
    <hr
      class="divider full-width horizontal margin-vertical-l invisible"
    />
    <div
      class="flex-box direction-column justify-content-flex-start align-items-center choose-difficulty"
    >
      <div
        class="flex-box direction-row justify-content-flex-start align-items-flex-start"
      >
        <input
          id="HARD"
          name="level"
          type="radio"
          value="HARD"
        />
        <label
          for="HARD"
          title="HARD"
        />
        <input
          id="MEDIUM"
          name="level"
          type="radio"
          value="MEDIUM"
        />
        <label
          for="MEDIUM"
          title="MEDIUM"
        />
        <input
          checked=""
          id="EASY"
          name="level"
          type="radio"
          value="EASY"
        />
        <label
          for="EASY"
          title="EASY"
        />
      </div>
      <hr
        class="divider full-width horizontal margin-vertical-s invisible"
      />
      <sup />
    </div>
    <hr
      class="divider full-width horizontal margin-vertical-l invisible"
    />
    <button
      class="button button-secondary"
    >
      Start game 
      <i
        class="icon-play-sign"
      />
    </button>
  </div>
</DocumentFragment>
`;
